// Jest Snapshot v1, https://goo.gl/fbAQLP

exports[`renders 1`] = `
<DocumentFragment>
  <div
    class="holder"
  >
    <header
      class="header"
    >
      <div
        class="header-content flex flex-s"
      >
        <img
          alt="kaplan"
          src="header-logo.png"
        />
      </div>
    </header>
  </div>
</DocumentFragment>
`;
